// Jest Snapshot v1, https://goo.gl/fbAQLP

exports[`<TextComponent /> test snapshot 1`] = `
<View
  style={
    Object {
      "height": 10,
    }
  }
/>
`;
