// Jest Snapshot v1, https://goo.gl/fbAQLP

exports[`<TextComponent /> test snapshot 1`] = `
<Text
  style={
    Object {
      "color": "#FFFFFF",
      "fontFamily": "montserrat-semi-bold",
      "fontSize": 14,
    }
  }
>
  Hello world
</Text>
`;
